REQUEST FAILED: http://localhost:3000/ net::ERR_CONNECTION_REFUSED
Error: net::ERR_CONNECTION_REFUSED at http://localhost:3000
    at navigate (file:///C:/Users/asus/Downloads/StudyStack-main%20(1)/StudyStack-main/node_modules/puppeteer-core/lib/esm/puppeteer/cdp/Frame.js:180:27)
    at async Deferred.race (file:///C:/Users/asus/Downloads/StudyStack-main%20(1)/StudyStack-main/node_modules/puppeteer-core/lib/esm/puppeteer/util/Deferred.js:33:20)
    at async CdpFrame.goto (file:///C:/Users/asus/Downloads/StudyStack-main%20(1)/StudyStack-main/node_modules/puppeteer-core/lib/esm/puppeteer/cdp/Frame.js:146:25)
    at async CdpPage.goto (file:///C:/Users/asus/Downloads/StudyStack-main%20(1)/StudyStack-main/node_modules/puppeteer-core/lib/esm/puppeteer/api/Page.js:576:20)
    at async file:///C:/Users/asus/Downloads/StudyStack-main%20(1)/StudyStack-main/test_page.js:14:9
